Listing '.'...
Listing '.\\.github'...
Listing '.\\.github\\workflows'...
Listing '.\\.venv'...
Listing '.\\.venv\\Include'...
Listing '.\\.venv\\Lib'...
Listing '.\\.venv\\Lib\\site-packages'...
Listing '.\\.venv\\Lib\\site-packages\\_yaml'...
Listing '.\\.venv\\Lib\\site-packages\\annotated_doc'...
Listing '.\\.venv\\Lib\\site-packages\\annotated_doc-0.0.4.dist-info'...
Listing '.\\.venv\\Lib\\site-packages\\annotated_doc-0.0.4.dist-info\\licenses'...
Listing '.\\.venv\\Lib\\site-packages\\annotated_types'...
Listing '.\\.venv\\Lib\\site-packages\\annotated_types-0.7.0.dist-info'...
Listing '.\\.venv\\Lib\\site-packages\\annotated_types-0.7.0.dist-info\\licenses'...
Listing '.\\.venv\\Lib\\site-packages\\anyio'...
Listing '.\\.venv\\Lib\\site-packages\\anyio\\_backends'...
Listing '.\\.venv\\Lib\\site-packages\\anyio\\_core'...
Listing '.\\.venv\\Lib\\site-packages\\anyio\\abc'...
Listing '.\\.venv\\Lib\\site-packages\\anyio\\streams'...
Listing '.\\.venv\\Lib\\site-packages\\anyio-4.12.0.dist-info'...
Listing '.\\.venv\\Lib\\site-packages\\anyio-4.12.0.dist-info\\licenses'...
Listing '.\\.venv\\Lib\\site-packages\\click'...
Listing '.\\.venv\\Lib\\site-packages\\click-8.3.1.dist-info'...
Listing '.\\.venv\\Lib\\site-packages\\click-8.3.1.dist-info\\licenses'...
Listing '.\\.venv\\Lib\\site-packages\\colorama'...
Listing '.\\.venv\\Lib\\site-packages\\colorama\\tests'...
Listing '.\\.venv\\Lib\\site-packages\\colorama-0.4.6.dist-info'...
Listing '.\\.venv\\Lib\\site-packages\\colorama-0.4.6.dist-info\\licenses'...
Listing '.\\.venv\\Lib\\site-packages\\dotenv'...
Listing '.\\.venv\\Lib\\site-packages\\fastapi'...
Listing '.\\.venv\\Lib\\site-packages\\fastapi\\_compat'...
Listing '.\\.venv\\Lib\\site-packages\\fastapi\\dependencies'...
Listing '.\\.venv\\Lib\\site-packages\\fastapi\\middleware'...
Listing '.\\.venv\\Lib\\site-packages\\fastapi\\openapi'...
Listing '.\\.venv\\Lib\\site-packages\\fastapi\\security'...
Listing '.\\.venv\\Lib\\site-packages\\fastapi-0.128.0.dist-info'...
Listing '.\\.venv\\Lib\\site-packages\\fastapi-0.128.0.dist-info\\licenses'...
Listing '.\\.venv\\Lib\\site-packages\\h11'...
Listing '.\\.venv\\Lib\\site-packages\\h11-0.16.0.dist-info'...
Listing '.\\.venv\\Lib\\site-packages\\h11-0.16.0.dist-info\\licenses'...
Listing '.\\.venv\\Lib\\site-packages\\httptools'...
Listing '.\\.venv\\Lib\\site-packages\\httptools\\parser'...
Listing '.\\.venv\\Lib\\site-packages\\httptools-0.7.1.dist-info'...
Listing '.\\.venv\\Lib\\site-packages\\httptools-0.7.1.dist-info\\licenses'...
Listing '.\\.venv\\Lib\\site-packages\\idna'...
Listing '.\\.venv\\Lib\\site-packages\\idna-3.11.dist-info'...
Listing '.\\.venv\\Lib\\site-packages\\idna-3.11.dist-info\\licenses'...
Listing '.\\.venv\\Lib\\site-packages\\pip'...
Listing '.\\.venv\\Lib\\site-packages\\pip\\_internal'...
Listing '.\\.venv\\Lib\\site-packages\\pip\\_internal\\cli'...
Listing '.\\.venv\\Lib\\site-packages\\pip\\_internal\\commands'...
Listing '.\\.venv\\Lib\\site-packages\\pip\\_internal\\distributions'...
Listing '.\\.venv\\Lib\\site-packages\\pip\\_internal\\index'...
Listing '.\\.venv\\Lib\\site-packages\\pip\\_internal\\locations'...
Listing '.\\.venv\\Lib\\site-packages\\pip\\_internal\\metadata'...
Listing '.\\.venv\\Lib\\site-packages\\pip\\_internal\\metadata\\importlib'...
Listing '.\\.venv\\Lib\\site-packages\\pip\\_internal\\models'...
Listing '.\\.venv\\Lib\\site-packages\\pip\\_internal\\network'...
Listing '.\\.venv\\Lib\\site-packages\\pip\\_internal\\operations'...
Listing '.\\.venv\\Lib\\site-packages\\pip\\_internal\\operations\\build'...
Listing '.\\.venv\\Lib\\site-packages\\pip\\_internal\\operations\\install'...
Listing '.\\.venv\\Lib\\site-packages\\pip\\_internal\\req'...
Listing '.\\.venv\\Lib\\site-packages\\pip\\_internal\\resolution'...
Listing '.\\.venv\\Lib\\site-packages\\pip\\_internal\\resolution\\legacy'...
Listing '.\\.venv\\Lib\\site-packages\\pip\\_internal\\resolution\\resolvelib'...
Listing '.\\.venv\\Lib\\site-packages\\pip\\_internal\\utils'...
Listing '.\\.venv\\Lib\\site-packages\\pip\\_internal\\vcs'...
Listing '.\\.venv\\Lib\\site-packages\\pip\\_vendor'...
Listing '.\\.venv\\Lib\\site-packages\\pip\\_vendor\\cachecontrol'...
Listing '.\\.venv\\Lib\\site-packages\\pip\\_vendor\\cachecontrol\\caches'...
Listing '.\\.venv\\Lib\\site-packages\\pip\\_vendor\\certifi'...
Listing '.\\.venv\\Lib\\site-packages\\pip\\_vendor\\dependency_groups'...
Listing '.\\.venv\\Lib\\site-packages\\pip\\_vendor\\distlib'...
Listing '.\\.venv\\Lib\\site-packages\\pip\\_vendor\\distro'...
Listing '.\\.venv\\Lib\\site-packages\\pip\\_vendor\\idna'...
Listing '.\\.venv\\Lib\\site-packages\\pip\\_vendor\\msgpack'...
Listing '.\\.venv\\Lib\\site-packages\\pip\\_vendor\\packaging'...
Listing '.\\.venv\\Lib\\site-packages\\pip\\_vendor\\packaging\\licenses'...
Listing '.\\.venv\\Lib\\site-packages\\pip\\_vendor\\pkg_resources'...
Listing '.\\.venv\\Lib\\site-packages\\pip\\_vendor\\platformdirs'...
Listing '.\\.venv\\Lib\\site-packages\\pip\\_vendor\\pygments'...
Listing '.\\.venv\\Lib\\site-packages\\pip\\_vendor\\pygments\\filters'...
Listing '.\\.venv\\Lib\\site-packages\\pip\\_vendor\\pygments\\formatters'...
Listing '.\\.venv\\Lib\\site-packages\\pip\\_vendor\\pygments\\lexers'...
Listing '.\\.venv\\Lib\\site-packages\\pip\\_vendor\\pygments\\styles'...
Listing '.\\.venv\\Lib\\site-packages\\pip\\_vendor\\pyproject_hooks'...
Listing '.\\.venv\\Lib\\site-packages\\pip\\_vendor\\pyproject_hooks\\_in_process'...
Listing '.\\.venv\\Lib\\site-packages\\pip\\_vendor\\requests'...
Listing '.\\.venv\\Lib\\site-packages\\pip\\_vendor\\resolvelib'...
Listing '.\\.venv\\Lib\\site-packages\\pip\\_vendor\\resolvelib\\resolvers'...
Listing '.\\.venv\\Lib\\site-packages\\pip\\_vendor\\rich'...
Listing '.\\.venv\\Lib\\site-packages\\pip\\_vendor\\tomli'...
Listing '.\\.venv\\Lib\\site-packages\\pip\\_vendor\\tomli_w'...
Listing '.\\.venv\\Lib\\site-packages\\pip\\_vendor\\truststore'...
Listing '.\\.venv\\Lib\\site-packages\\pip\\_vendor\\urllib3'...
Listing '.\\.venv\\Lib\\site-packages\\pip\\_vendor\\urllib3\\contrib'...
Listing '.\\.venv\\Lib\\site-packages\\pip\\_vendor\\urllib3\\contrib\\_securetransport'...
Listing '.\\.venv\\Lib\\site-packages\\pip\\_vendor\\urllib3\\packages'...
Listing '.\\.venv\\Lib\\site-packages\\pip\\_vendor\\urllib3\\packages\\backports'...
Listing '.\\.venv\\Lib\\site-packages\\pip\\_vendor\\urllib3\\util'...
Listing '.\\.venv\\Lib\\site-packages\\pip-25.3.dist-info'...
Listing '.\\.venv\\Lib\\site-packages\\pip-25.3.dist-info\\licenses'...
Listing '.\\.venv\\Lib\\site-packages\\pip-25.3.dist-info\\licenses\\src'...
Listing '.\\.venv\\Lib\\site-packages\\pip-25.3.dist-info\\licenses\\src\\pip'...
Listing '.\\.venv\\Lib\\site-packages\\pip-25.3.dist-info\\licenses\\src\\pip\\_vendor'...
Listing '.\\.venv\\Lib\\site-packages\\pip-25.3.dist-info\\licenses\\src\\pip\\_vendor\\cachecontrol'...
Listing '.\\.venv\\Lib\\site-packages\\pip-25.3.dist-info\\licenses\\src\\pip\\_vendor\\certifi'...
Listing '.\\.venv\\Lib\\site-packages\\pip-25.3.dist-info\\licenses\\src\\pip\\_vendor\\dependency_groups'...
Listing '.\\.venv\\Lib\\site-packages\\pip-25.3.dist-info\\licenses\\src\\pip\\_vendor\\distlib'...
Listing '.\\.venv\\Lib\\site-packages\\pip-25.3.dist-info\\licenses\\src\\pip\\_vendor\\distro'...
Listing '.\\.venv\\Lib\\site-packages\\pip-25.3.dist-info\\licenses\\src\\pip\\_vendor\\idna'...
Listing '.\\.venv\\Lib\\site-packages\\pip-25.3.dist-info\\licenses\\src\\pip\\_vendor\\msgpack'...
Listing '.\\.venv\\Lib\\site-packages\\pip-25.3.dist-info\\licenses\\src\\pip\\_vendor\\packaging'...
Listing '.\\.venv\\Lib\\site-packages\\pip-25.3.dist-info\\licenses\\src\\pip\\_vendor\\pkg_resources'...
Listing '.\\.venv\\Lib\\site-packages\\pip-25.3.dist-info\\licenses\\src\\pip\\_vendor\\platformdirs'...
Listing '.\\.venv\\Lib\\site-packages\\pip-25.3.dist-info\\licenses\\src\\pip\\_vendor\\pygments'...
Listing '.\\.venv\\Lib\\site-packages\\pip-25.3.dist-info\\licenses\\src\\pip\\_vendor\\pyproject_hooks'...
Listing '.\\.venv\\Lib\\site-packages\\pip-25.3.dist-info\\licenses\\src\\pip\\_vendor\\requests'...
Listing '.\\.venv\\Lib\\site-packages\\pip-25.3.dist-info\\licenses\\src\\pip\\_vendor\\resolvelib'...
Listing '.\\.venv\\Lib\\site-packages\\pip-25.3.dist-info\\licenses\\src\\pip\\_vendor\\rich'...
Listing '.\\.venv\\Lib\\site-packages\\pip-25.3.dist-info\\licenses\\src\\pip\\_vendor\\tomli'...
Listing '.\\.venv\\Lib\\site-packages\\pip-25.3.dist-info\\licenses\\src\\pip\\_vendor\\tomli_w'...
Listing '.\\.venv\\Lib\\site-packages\\pip-25.3.dist-info\\licenses\\src\\pip\\_vendor\\truststore'...
Listing '.\\.venv\\Lib\\site-packages\\pip-25.3.dist-info\\licenses\\src\\pip\\_vendor\\urllib3'...
Listing '.\\.venv\\Lib\\site-packages\\pydantic'...
Listing '.\\.venv\\Lib\\site-packages\\pydantic\\_internal'...
Listing '.\\.venv\\Lib\\site-packages\\pydantic\\deprecated'...
Listing '.\\.venv\\Lib\\site-packages\\pydantic\\experimental'...
Listing '.\\.venv\\Lib\\site-packages\\pydantic\\plugin'...
Listing '.\\.venv\\Lib\\site-packages\\pydantic\\v1'...
Listing '.\\.venv\\Lib\\site-packages\\pydantic-2.12.5.dist-info'...
Listing '.\\.venv\\Lib\\site-packages\\pydantic-2.12.5.dist-info\\licenses'...
Listing '.\\.venv\\Lib\\site-packages\\pydantic_core'...
Listing '.\\.venv\\Lib\\site-packages\\pydantic_core-2.41.5.dist-info'...
Listing '.\\.venv\\Lib\\site-packages\\pydantic_core-2.41.5.dist-info\\licenses'...
Listing '.\\.venv\\Lib\\site-packages\\python_dotenv-1.2.1.dist-info'...
Listing '.\\.venv\\Lib\\site-packages\\python_dotenv-1.2.1.dist-info\\licenses'...
Listing '.\\.venv\\Lib\\site-packages\\pyyaml-6.0.3.dist-info'...
Listing '.\\.venv\\Lib\\site-packages\\pyyaml-6.0.3.dist-info\\licenses'...
Listing '.\\.venv\\Lib\\site-packages\\starlette'...
Listing '.\\.venv\\Lib\\site-packages\\starlette\\middleware'...
Listing '.\\.venv\\Lib\\site-packages\\starlette-0.50.0.dist-info'...
Listing '.\\.venv\\Lib\\site-packages\\starlette-0.50.0.dist-info\\licenses'...
Listing '.\\.venv\\Lib\\site-packages\\typing_extensions-4.15.0.dist-info'...
Listing '.\\.venv\\Lib\\site-packages\\typing_extensions-4.15.0.dist-info\\licenses'...
Listing '.\\.venv\\Lib\\site-packages\\typing_inspection'...
Listing '.\\.venv\\Lib\\site-packages\\typing_inspection-0.4.2.dist-info'...
Listing '.\\.venv\\Lib\\site-packages\\typing_inspection-0.4.2.dist-info\\licenses'...
Listing '.\\.venv\\Lib\\site-packages\\uvicorn'...
Listing '.\\.venv\\Lib\\site-packages\\uvicorn\\lifespan'...
Listing '.\\.venv\\Lib\\site-packages\\uvicorn\\loops'...
Listing '.\\.venv\\Lib\\site-packages\\uvicorn\\middleware'...
Listing '.\\.venv\\Lib\\site-packages\\uvicorn\\protocols'...
Listing '.\\.venv\\Lib\\site-packages\\uvicorn\\protocols\\http'...
Listing '.\\.venv\\Lib\\site-packages\\uvicorn\\protocols\\websockets'...
Listing '.\\.venv\\Lib\\site-packages\\uvicorn\\supervisors'...
Listing '.\\.venv\\Lib\\site-packages\\uvicorn-0.40.0.dist-info'...
Listing '.\\.venv\\Lib\\site-packages\\uvicorn-0.40.0.dist-info\\licenses'...
Listing '.\\.venv\\Lib\\site-packages\\watchfiles'...
Listing '.\\.venv\\Lib\\site-packages\\watchfiles-1.1.1.dist-info'...
Listing '.\\.venv\\Lib\\site-packages\\watchfiles-1.1.1.dist-info\\licenses'...
Listing '.\\.venv\\Lib\\site-packages\\websockets'...
Listing '.\\.venv\\Lib\\site-packages\\websockets\\asyncio'...
Listing '.\\.venv\\Lib\\site-packages\\websockets\\extensions'...
Listing '.\\.venv\\Lib\\site-packages\\websockets\\legacy'...
Listing '.\\.venv\\Lib\\site-packages\\websockets\\sync'...
Listing '.\\.venv\\Lib\\site-packages\\websockets-15.0.1.dist-info'...
Listing '.\\.venv\\Lib\\site-packages\\yaml'...
Listing '.\\.venv\\Scripts'...
Listing '.\\.vscode'...
Listing '.\\backend'...
Compiling '.\\config.py'...
Listing '.\\database'...
Listing '.\\database\\sql'...
Compiling '.\\deepseek_python_20251231_07cd27.py'...
Compiling '.\\deepseek_python_20251231_31d90e.py'...
Compiling '.\\deepseek_python_20251231_699c2d.py'...
Compiling '.\\deepseek_python_20251231_728c5c.py'...
Compiling '.\\deepseek_python_20251231_751243.py'...
Compiling '.\\deepseek_python_20251231_7a28c0.py'...
Compiling '.\\deepseek_python_20251231_afb889.py'...
Compiling '.\\deepseek_python_20251231_b0001d.py'...
Compiling '.\\deepseek_python_20251231_bea6e3.py'...
Compiling '.\\deepseek_python_20251231_c27715.py'...
Compiling '.\\deepseek_python_20251231_ccf04a.py'...
Compiling '.\\deepseek_python_20251231_e532a3.py'...
Compiling '.\\deepseek_python_20251231_f204e4.py'...
Compiling '.\\deepseek_python_20251231_fb8405.py'...
Listing '.\\deployment'...
Listing '.\\deployment\\monitoring'...
Listing '.\\deployment\\nginx'...
Listing '.\\frontend'...
Listing '.\\scripts'...
Compiling '.\\scripts\\validate_training_config.py'...
Listing '.\\src'...
Listing '.\\src\\api'...
Listing '.\\src\\api\\middleware'...
Listing '.\\src\\api\\routes'...
Compiling '.\\src\\api\\routes\\__init__.py'...
Compiling '.\\src\\api\\routes\\chat.py'...
Compiling '.\\src\\api\\routes\\documents.py'...
Compiling '.\\src\\api\\routes\\models.py'...
Compiling '.\\src\\api\\routes\\training.py'...
Listing '.\\src\\config'...
Compiling '.\\src\\config\\training_config.py'...
Listing '.\\src\\core'...
Listing '.\\src\\database'...
Listing '.\\src\\services'...
Listing '.\\src\\store'...
Listing '.\\src\\store\\slices'...
Listing '.\\src\\utils'...
Compiling '.\\src\\utils\\file_handler.py'...
Listing '.\\static'...
